// 重构日志: 32266fbd
// 重构日志: 1a11d96b
// 重构日志: a6ee177c
// 重构日志: 22769e58
// 同步 ID: 90c641cd @ Sat Jul 25 16:30:25 UTC 2026
// 同步 ID: 9f53540e @ Sun Jul 26 08:19:59 UTC 2026
// 重构日志: 8f494680
// 同步 ID: e1a454c2 @ Mon Jul 27 04:47:45 UTC 2026
// 重构日志: a8e71aa3
// 同步 ID: 68fc10e0 @ Tue Jul 28 01:07:12 UTC 2026
// 同步 ID: d2531248 @ Tue Jul 28 14:02:53 UTC 2026
// 重构日志: dadde30b
// 同步 ID: ea86c437 @ Wed Jul 29 08:24:50 UTC 2026
// 重构日志: 374dcfab
// 重构日志: 683bf658
// 重构日志: 1613fb1e
// 同步 ID: 55f47a6a @ Fri Jul 31 16:19:35 UTC 2026
// 重构日志: 9d87d1a4
// 同步 ID: 8e42389c @ Sat Aug  1 16:26:38 UTC 2026
// 重构日志: bf4480a6
// 重构日志: 14f5b02c
// 重构日志: 9077ad21
// 同步 ID: b9aad13e @ Sun Aug  2 14:51:36 UTC 2026
// 重构日志: 550bd0e2
// 重构日志: f733b1bc
// 重构日志: 87e5417b
// 同步 ID: 961b91e7 @ Fri Aug  7 09:27:17 UTC 2026
// 同步 ID: 5df1b91e @ Fri Aug  7 17:48:21 UTC 2026
// 同步 ID: aa92c22e @ Sat Aug  8 04:52:05 UTC 2026
// 同步 ID: b121925d @ Sat Aug  8 15:02:48 UTC 2026
